// Jest Snapshot v1, https://goo.gl/fbAQLP

exports[`Group tests Should match the snapshot 1`] = `
ShallowWrapper {
  "length": 1,
  Symbol(enzyme.__root__): [Circular],
  Symbol(enzyme.__unrendered__): <Group
    User={
        Object {
            "authrocket_id": "usr_0vXWX9jSRkbUjLGsOb9S8r",
            "created_date": "2017-11-18T18:34:30.017Z",
            "email": "cpavin@usopen.com",
            "group_id": 1,
            "name": "Corey Pavin",
            "slack_id": "lkjsdf0234",
            "user_id": 95,
          }
    }
/>,
  Symbol(enzyme.__renderer__): Object {
    "batchedUpdates": [Function],
    "getNode": [Function],
    "render": [Function],
    "simulateEvent": [Function],
    "unmount": [Function],
  },
  Symbol(enzyme.__node__): Object {
    "instance": null,
    "key": undefined,
    "nodeType": "host",
    "props": Object {
      "children": Array [
        <Connect(GroupData) />,
        <Connect(Leaderboard) />,
        <Connect(GroupProfile) />,
        <NavLink
          activeClassName="active"
          ariaCurrent="true"
          className="join-group"
          to="/snap-ninja/joingroup"
>
          SWITCH GROUPS
</NavLink>,
      ],
      "className": "group-component",
    },
    "ref": null,
    "rendered": Array [
      Object {
        "instance": null,
        "key": undefined,
        "nodeType": "class",
        "props": Object {},
        "ref": null,
        "rendered": null,
        "type": [Function],
      },
      Object {
        "instance": null,
        "key": undefined,
        "nodeType": "class",
        "props": Object {},
        "ref": null,
        "rendered": null,
        "type": [Function],
      },
      Object {
        "instance": null,
        "key": undefined,
        "nodeType": "class",
        "props": Object {},
        "ref": null,
        "rendered": null,
        "type": [Function],
      },
      Object {
        "instance": null,
        "key": undefined,
        "nodeType": "function",
        "props": Object {
          "activeClassName": "active",
          "ariaCurrent": "true",
          "children": "SWITCH GROUPS",
          "className": "join-group",
          "to": "/snap-ninja/joingroup",
        },
        "ref": null,
        "rendered": "SWITCH GROUPS",
        "type": [Function],
      },
    ],
    "type": "div",
  },
  Symbol(enzyme.__nodes__): Array [
    Object {
      "instance": null,
      "key": undefined,
      "nodeType": "host",
      "props": Object {
        "children": Array [
          <Connect(GroupData) />,
          <Connect(Leaderboard) />,
          <Connect(GroupProfile) />,
          <NavLink
            activeClassName="active"
            ariaCurrent="true"
            className="join-group"
            to="/snap-ninja/joingroup"
>
            SWITCH GROUPS
</NavLink>,
        ],
        "className": "group-component",
      },
      "ref": null,
      "rendered": Array [
        Object {
          "instance": null,
          "key": undefined,
          "nodeType": "class",
          "props": Object {},
          "ref": null,
          "rendered": null,
          "type": [Function],
        },
        Object {
          "instance": null,
          "key": undefined,
          "nodeType": "class",
          "props": Object {},
          "ref": null,
          "rendered": null,
          "type": [Function],
        },
        Object {
          "instance": null,
          "key": undefined,
          "nodeType": "class",
          "props": Object {},
          "ref": null,
          "rendered": null,
          "type": [Function],
        },
        Object {
          "instance": null,
          "key": undefined,
          "nodeType": "function",
          "props": Object {
            "activeClassName": "active",
            "ariaCurrent": "true",
            "children": "SWITCH GROUPS",
            "className": "join-group",
            "to": "/snap-ninja/joingroup",
          },
          "ref": null,
          "rendered": "SWITCH GROUPS",
          "type": [Function],
        },
      ],
      "type": "div",
    },
  ],
  Symbol(enzyme.__options__): Object {
    "adapter": ReactSixteenAdapter {
      "options": Object {
        "enableComponentDidUpdateOnSetState": true,
      },
    },
  },
}
`;
