// Jest Snapshot v1, https://goo.gl/fbAQLP

exports[`Slack component tests should match the snapshot 1`] = `
ShallowWrapper {
  "length": 1,
  Symbol(enzyme.__root__): [Circular],
  Symbol(enzyme.__unrendered__): <Slack
    User={
        Object {
            "authrocket_id": "usr_0vXWX9jSRkbUjLGsOb9S8r",
            "created_date": "2017-11-18T18:34:30.017Z",
            "email": "cpavin@usopen.com",
            "group_id": 1,
            "name": "Corey Pavin",
            "slack_id": "lkjsdf0234",
            "user_id": 95,
          }
    }
/>,
  Symbol(enzyme.__renderer__): Object {
    "batchedUpdates": [Function],
    "getNode": [Function],
    "render": [Function],
    "simulateEvent": [Function],
    "unmount": [Function],
  },
  Symbol(enzyme.__node__): Object {
    "instance": null,
    "key": undefined,
    "nodeType": "host",
    "props": Object {
      "children": Array [
        <div
          className="slack-header"
>
          <h4>
                    CONNECT TO SLACK
          </h4>
</div>,
        <h6>
          Your Slack ID is 
          lkjsdf0234
</h6>,
        <h5>
          You have already connected your Slack and Snap Ninja accounts! If you need help using Snap Ninja slash commands in Slack, try 
          <span>
                    /snap help
          </span>
          .
</h5>,
      ],
      "className": "Slack",
    },
    "ref": null,
    "rendered": Array [
      Object {
        "instance": null,
        "key": undefined,
        "nodeType": "host",
        "props": Object {
          "children": <h4>
            CONNECT TO SLACK
</h4>,
          "className": "slack-header",
        },
        "ref": null,
        "rendered": Object {
          "instance": null,
          "key": undefined,
          "nodeType": "host",
          "props": Object {
            "children": "CONNECT TO SLACK",
          },
          "ref": null,
          "rendered": "CONNECT TO SLACK",
          "type": "h4",
        },
        "type": "div",
      },
      Object {
        "instance": null,
        "key": undefined,
        "nodeType": "host",
        "props": Object {
          "children": Array [
            "Your Slack ID is ",
            "lkjsdf0234",
          ],
        },
        "ref": null,
        "rendered": Array [
          "Your Slack ID is ",
          "lkjsdf0234",
        ],
        "type": "h6",
      },
      Object {
        "instance": null,
        "key": undefined,
        "nodeType": "host",
        "props": Object {
          "children": Array [
            "You have already connected your Slack and Snap Ninja accounts! If you need help using Snap Ninja slash commands in Slack, try ",
            <span>
              /snap help
</span>,
            ".",
          ],
        },
        "ref": null,
        "rendered": Array [
          "You have already connected your Slack and Snap Ninja accounts! If you need help using Snap Ninja slash commands in Slack, try ",
          Object {
            "instance": null,
            "key": undefined,
            "nodeType": "host",
            "props": Object {
              "children": "/snap help",
            },
            "ref": null,
            "rendered": "/snap help",
            "type": "span",
          },
          ".",
        ],
        "type": "h5",
      },
    ],
    "type": "div",
  },
  Symbol(enzyme.__nodes__): Array [
    Object {
      "instance": null,
      "key": undefined,
      "nodeType": "host",
      "props": Object {
        "children": Array [
          <div
            className="slack-header"
>
            <h4>
                        CONNECT TO SLACK
            </h4>
</div>,
          <h6>
            Your Slack ID is 
            lkjsdf0234
</h6>,
          <h5>
            You have already connected your Slack and Snap Ninja accounts! If you need help using Snap Ninja slash commands in Slack, try 
            <span>
                        /snap help
            </span>
            .
</h5>,
        ],
        "className": "Slack",
      },
      "ref": null,
      "rendered": Array [
        Object {
          "instance": null,
          "key": undefined,
          "nodeType": "host",
          "props": Object {
            "children": <h4>
              CONNECT TO SLACK
</h4>,
            "className": "slack-header",
          },
          "ref": null,
          "rendered": Object {
            "instance": null,
            "key": undefined,
            "nodeType": "host",
            "props": Object {
              "children": "CONNECT TO SLACK",
            },
            "ref": null,
            "rendered": "CONNECT TO SLACK",
            "type": "h4",
          },
          "type": "div",
        },
        Object {
          "instance": null,
          "key": undefined,
          "nodeType": "host",
          "props": Object {
            "children": Array [
              "Your Slack ID is ",
              "lkjsdf0234",
            ],
          },
          "ref": null,
          "rendered": Array [
            "Your Slack ID is ",
            "lkjsdf0234",
          ],
          "type": "h6",
        },
        Object {
          "instance": null,
          "key": undefined,
          "nodeType": "host",
          "props": Object {
            "children": Array [
              "You have already connected your Slack and Snap Ninja accounts! If you need help using Snap Ninja slash commands in Slack, try ",
              <span>
                /snap help
</span>,
              ".",
            ],
          },
          "ref": null,
          "rendered": Array [
            "You have already connected your Slack and Snap Ninja accounts! If you need help using Snap Ninja slash commands in Slack, try ",
            Object {
              "instance": null,
              "key": undefined,
              "nodeType": "host",
              "props": Object {
                "children": "/snap help",
              },
              "ref": null,
              "rendered": "/snap help",
              "type": "span",
            },
            ".",
          ],
          "type": "h5",
        },
      ],
      "type": "div",
    },
  ],
  Symbol(enzyme.__options__): Object {
    "adapter": ReactSixteenAdapter {
      "options": Object {
        "enableComponentDidUpdateOnSetState": true,
      },
    },
  },
}
`;
